[backblue.gif]
[fade.gif]
[index.html]
[www.joshtechnologygroup.com/xmlrpc0db0.php]
[www.joshtechnologygroup.com/feed/index.html]
[www.joshtechnologygroup.com/wp-includes/wlwmanifest.xml]
[www.joshtechnologygroup.com/comments/feed/index.html]
[www.joshtechnologygroup.com/wp-json/oembed/1.0/embed8d70.json]
[www.joshtechnologygroup.com/wp-json/index.html]
[www.joshtechnologygroup.com/wp-json/oembed/1.0/embed8068]
[www.joshtechnologygroup.com/wp-content/uploads/2019/03/cropped-favicon-32x32.png]
[www.joshtechnologygroup.com/wp-content/uploads/2019/03/cropped-favicon-192x192.png]
[www.joshtechnologygroup.com/wp-content/uploads/2019/03/cropped-favicon-180x180.png]
[www.joshtechnologygroup.com/wp-content/uploads/2019/03/cropped-favicon-270x270.png]
[s3.amazonaws.com/jtg-marcomm/wp-content/uploads/2019/08/09103847/cropped-jtg-logo-1.png]
[s3.amazonaws.com/jtg-marcomm/wp-content/uploads/2019/08/09103847/cropped-jtg-logo-1-150x150.png]
[s3.amazonaws.com/jtg-marcomm/wp-content/uploads/2019/08/09114812/Creating-Transforming-companies.jpg]
[s3.amazonaws.com/jtg-marcomm/wp-content/uploads/2019/08/09114743/Pioneers-of-Modern-Development.jpg]
[s3.amazonaws.com/jtg-marcomm/wp-content/uploads/2019/08/09114721/Accelerating-Growth-e1566385955811.jpg]
[s3.amazonaws.com/jtg-marcomm/wp-content/uploads/2019/02/20055730/Modern-Web-Frameworks.jpg]
[s3.amazonaws.com/jtg-marcomm/wp-content/uploads/2019/02/15125655/584830f5cef1014c0b5e4aa1.png]
[s3.amazonaws.com/jtg-marcomm/wp-content/uploads/2019/02/15125653/5847ea22cef1014c0b5e4833.png]
[s3.amazonaws.com/jtg-marcomm/wp-content/uploads/2019/02/15125650/5848191dcef1014c0b5e49b4.png]
[s3.amazonaws.com/jtg-marcomm/wp-content/uploads/2019/02/22055338/WordPress-logotype-wmark.png]
[s3.amazonaws.com/jtg-marcomm/wp-content/uploads/2019/02/22055453/django.png]
[s3.amazonaws.com/jtg-marcomm/wp-content/uploads/2019/02/22055627/58480ecccef1014c0b5e492c.png]
[s3.amazonaws.com/jtg-marcomm/wp-content/uploads/2019/02/20055545/Big-Data.jpg]
[s3.amazonaws.com/jtg-marcomm/wp-content/uploads/2019/02/22060419/hadoop.jpg]
[s3.amazonaws.com/jtg-marcomm/wp-content/uploads/2019/02/22060529/kafka-logo-wide.png]
[s3.amazonaws.com/jtg-marcomm/wp-content/uploads/2019/02/22060831/aws.png]
[s3.amazonaws.com/jtg-marcomm/wp-content/uploads/2019/02/22062446/apache-spark.png]
[s3.amazonaws.com/jtg-marcomm/wp-content/uploads/2019/02/22060957/mongo-db.jpg]
[s3.amazonaws.com/jtg-marcomm/wp-content/uploads/2019/02/22062449/apache-strom.jpg]
[s3.amazonaws.com/jtg-marcomm/wp-content/uploads/2019/02/20055008/Cloud-Devops-1.jpg]
[s3.amazonaws.com/jtg-marcomm/wp-content/uploads/2019/02/22062837/Google-Cloud-Logo.png]
[s3.amazonaws.com/jtg-marcomm/wp-content/uploads/2019/02/22062839/heroku-logo.png]
[s3.amazonaws.com/jtg-marcomm/wp-content/uploads/2019/02/22062835/1280px-Microsoft_Azure_Logo.svg_.png]
[s3.amazonaws.com/jtg-marcomm/wp-content/uploads/2019/02/22063044/circleci-logo-stacked-fb.png]
[s3.amazonaws.com/jtg-marcomm/wp-content/uploads/2019/02/22063046/jenkins-1-logo.png]
[s3.amazonaws.com/jtg-marcomm/wp-content/uploads/2019/02/20075429/artificial-intelligence-ML-1.jpg]
[s3.amazonaws.com/jtg-marcomm/wp-content/uploads/2019/02/22070113/600_478231735.png]
[s3.amazonaws.com/jtg-marcomm/wp-content/uploads/2019/02/22070116/OpenNN_logo.png]
[s3.amazonaws.com/jtg-marcomm/wp-content/uploads/2019/02/22070120/2000px-TensorFlowLogo.svg_.png]
[s3.amazonaws.com/jtg-marcomm/wp-content/uploads/2019/02/20055118/SAAS.jpg]
[s3.amazonaws.com/jtg-marcomm/wp-content/uploads/2019/02/22064020/JavaScript-logo.png]
[s3.amazonaws.com/jtg-marcomm/wp-content/uploads/2019/02/22063339/golang-logo.png]
[s3.amazonaws.com/jtg-marcomm/wp-content/uploads/2019/02/22063550/Python-Logo-PNG-Image.png]
[s3.amazonaws.com/jtg-marcomm/wp-content/uploads/2019/02/22063549/711px-PHP-logo.svg_.png]
[s3.amazonaws.com/jtg-marcomm/wp-content/uploads/2019/02/22064017/1024px-Ruby_logo.svg_.png]
[s3.amazonaws.com/jtg-marcomm/wp-content/uploads/2019/01/20055231/mobile-app.jpg]
[s3.amazonaws.com/jtg-marcomm/wp-content/uploads/2019/01/22064720/1718a076e29822051df8bcf8b5ce1124-android-logo-by-vexels.png]
[s3.amazonaws.com/jtg-marcomm/wp-content/uploads/2019/01/22064722/cordova_256.png]
[s3.amazonaws.com/jtg-marcomm/wp-content/uploads/2019/01/22064723/Ionic-Logo.png]
[s3.amazonaws.com/jtg-marcomm/wp-content/uploads/2019/01/22064725/iOS-logo.png]
[s3.amazonaws.com/jtg-marcomm/wp-content/uploads/2019/01/22064727/phonegap.png]
[s3.amazonaws.com/jtg-marcomm/wp-content/uploads/2019/01/22064728/react-native-logo.png]
[s3.amazonaws.com/jtg-marcomm/wp-content/uploads/2019/01/09115916/Quality-Engineering-e1566307054828.jpg]
[s3.amazonaws.com/jtg-marcomm/wp-content/uploads/2019/01/22065156/cms.png]
[s3.amazonaws.com/jtg-marcomm/wp-content/uploads/2019/01/22065240/analysis.png]
[s3.amazonaws.com/jtg-marcomm/wp-content/uploads/2019/01/22065327/internet.png]
[s3.amazonaws.com/jtg-marcomm/wp-content/uploads/2019/01/20055416/Quality-Engineer.jpg]
[s3.amazonaws.com/jtg-marcomm/wp-content/uploads/2019/01/22065715/selenium.png]
[s3.amazonaws.com/jtg-marcomm/wp-content/uploads/2019/01/22065717/sentry-logo.png]
[s3.amazonaws.com/jtg-marcomm/wp-content/uploads/2019/01/22065811/kibana-logo.png]
[s3.amazonaws.com/jtg-marcomm/wp-content/uploads/2019/01/22065913/New-Relic.jpg]
[s3.amazonaws.com/jtg-marcomm/wp-content/uploads/2019/08/09115400/Healthcare-e1566306896646.jpg]
[s3.amazonaws.com/jtg-marcomm/wp-content/uploads/2019/08/20060038/Travel.jpg]
[s3.amazonaws.com/jtg-marcomm/wp-content/uploads/2019/08/09115446/Automotive-e1566306829467.jpg]
[s3.amazonaws.com/jtg-marcomm/wp-content/uploads/2019/08/20060235/Ecommerce.jpg]
[s3.amazonaws.com/jtg-marcomm/wp-content/uploads/2019/08/20060554/Software-engineering-1.jpg]
[s3.amazonaws.com/jtg-marcomm/wp-content/uploads/2019/08/09115558/Audio-Video-e1566306945743.jpg]
[s3.amazonaws.com/jtg-marcomm/wp-content/uploads/2019/08/20060401/digital-marketing.jpg]
[s3.amazonaws.com/jtg-marcomm/wp-content/uploads/2019/08/09115627/Customer-relation-e1566306999359.jpg]
[s3.amazonaws.com/jtg-marcomm/wp-content/uploads/2019/07/15125753/18813494_1313755448740442_6197182984926508846_n.jpg]
[s3.amazonaws.com/jtg-marcomm/wp-content/uploads/2019/08/21112747/tt.jpg]
[s3.amazonaws.com/jtg-marcomm/wp-content/uploads/2019/06/15125725/Diwali-list-page-e1561714824186.jpg]
[s3.amazonaws.com/jtg-marcomm/wp-content/uploads/2019/06/15125716/secret-santa-1.jpg]
[s3.amazonaws.com/jtg-marcomm/wp-content/uploads/2019/08/21115324/jtg.jpg]
[s3.amazonaws.com/jtg-marcomm/wp-content/uploads/2019/08/09102526/Pantry.png]
[s3.amazonaws.com/jtg-marcomm/wp-content/uploads/2019/08/21114100/cake.jpg]
[s3.amazonaws.com/jtg-marcomm/wp-content/uploads/2018/12/09093227/best-resort.png]
[s3.amazonaws.com/jtg-marcomm/wp-content/uploads/2019/07/15125755/61__1561961634_103.206.163.146.jpg]
[s3.amazonaws.com/jtg-marcomm/wp-content/uploads/2019/06/15125746/DSC_2446__1561724183_125.63.102.78.jpg]
[www.joshtechnologygroup.com/index.html]
[www.joshtechnologygroup.com/wp-content/cache/autoptimize/css/autoptimize_65cbc919937503353ec6db2012d7f050.css]
[www.joshtechnologygroup.com/wp-content/cache/autoptimize/css/autoptimize_bdfdc65c4a3d614fd24e8b557ea94b79.css]
[www.joshtechnologygroup.com/wp-content/cache/autoptimize/css/autoptimize_single_1f38359f9b07f3cb36e7272f2958c322.css]
[www.joshtechnologygroup.com/wp-content/themes/jtg-marcom/assets/images/logo-full.svg]
[www.joshtechnologygroup.com/what-we-do/index.html]
[www.joshtechnologygroup.com/who-we-are/index.html]
[www.joshtechnologygroup.com/careers/index.html]
[www.joshtechnologygroup.com/contact-us/index.html]
[www.joshtechnologygroup.com/wp-content/themes/jtg-marcom/assets/images/collaboration.svg]
[www.joshtechnologygroup.com/wp-content/themes/jtg-marcom/assets/images/icon-email.svg]
[www.joshtechnologygroup.com/wp-content/themes/jtg-marcom/assets/images/icon-fb.svg]
[www.joshtechnologygroup.com/wp-content/themes/jtg-marcom/assets/images/icon-linkedin.svg]
[www.joshtechnologygroup.com/about/index.html]
[www.joshtechnologygroup.com/resources/index.html]
[www.joshtechnologygroup.com/contact/index.html]
[www.joshtechnologygroup.com/wp-content/cache/autoptimize/js/autoptimize_08ac5fd6ab0212a0a70592e5b4b4b651.js]
